// Jest Snapshot v1, https://goo.gl/fbAQLP

exports[`renders correctly 1`] = `
<ErrorBoundary
  error="I am an error"
>
  <div>
    Child
  </div>
</ErrorBoundary>
`;
