// Jest Snapshot v1, https://goo.gl/fbAQLP

exports[`renders 1`] = `
<div
  className="eco-search-facet"
>
  <div
    className="eco-search-facet-label"
  >
    A Facet
  </div>
  <StateManager
    className="eco-search-select-container"
    classNamePrefix="eco-search-select"
    components={
      Object {
        "Option": [Function],
      }
    }
    defaultInputValue=""
    defaultMenuIsOpen={false}
    defaultValue={null}
    isSearchable={false}
    onChange={[Function]}
    options={
      Array [
        Object {
          "count": 20,
          "label": "Range 1",
          "value": "1_10",
        },
        Object {
          "count": 10,
          "label": "Range 2",
          "value": "11_20",
        },
      ]
    }
    value={
      Object {
        "count": 20,
        "label": "Range 1",
        "value": "1_10",
      }
    }
  />
</div>
`;
