// Jest Snapshot v1, https://goo.gl/fbAQLP

exports[`renders correctly when there is a value 1`] = `
<div
  className="sorting"
>
  <select
    id="sorting"
    name="sorting"
    onChange={[Function]}
    value="name|||desc"
  >
    <option
      key="name|||asc"
      value="name|||asc"
    >
      Name ASC
    </option>
    <option
      key="name|||desc"
      value="name|||desc"
    >
      Name DESC
    </option>
  </select>
</div>
`;

exports[`renders correctly when there is not a value 1`] = `
<div
  className="sorting"
>
  <select
    id="sorting"
    name="sorting"
    onChange={[Function]}
  >
    <option
      key="name|||asc"
      value="name|||asc"
    >
      Name ASC
    </option>
    <option
      key="name|||desc"
      value="name|||desc"
    >
      Name DESC
    </option>
  </select>
</div>
`;
